Archive member included to satisfy reference by file (symbol)

d:/tools/stm32cubeide_1.4.0/stm32cubeide/plugins/com.st.stm32cube.ide.mcu.externaltools.gnu-tools-for-stm32.7-2018-q2-update.win32_1.4.0.202007081208/tools/bin/../lib/gcc/arm-none-eabi/7.3.1/../../../../arm-none-eabi/lib/thumb/v7-m\libc_nano.a(lib_a-errno.o)
                              Src/syscalls.o (__errno)
d:/tools/stm32cubeide_1.4.0/stm32cubeide/plugins/com.st.stm32cube.ide.mcu.externaltools.gnu-tools-for-stm32.7-2018-q2-update.win32_1.4.0.202007081208/tools/bin/../lib/gcc/arm-none-eabi/7.3.1/../../../../arm-none-eabi/lib/thumb/v7-m\libc_nano.a(lib_a-exit.o)
                              d:/tools/stm32cubeide_1.4.0/stm32cubeide/plugins/com.st.stm32cube.ide.mcu.externaltools.gnu-tools-for-stm32.7-2018-q2-update.win32_1.4.0.202007081208/tools/bin/../lib/gcc/arm-none-eabi/7.3.1/../../../../arm-none-eabi/lib/thumb/v7-m/crt0.o (exit)
d:/tools/stm32cubeide_1.4.0/stm32cubeide/plugins/com.st.stm32cube.ide.mcu.externaltools.gnu-tools-for-stm32.7-2018-q2-update.win32_1.4.0.202007081208/tools/bin/../lib/gcc/arm-none-eabi/7.3.1/../../../../arm-none-eabi/lib/thumb/v7-m\libc_nano.a(lib_a-impure.o)
                              d:/tools/stm32cubeide_1.4.0/stm32cubeide/plugins/com.st.stm32cube.ide.mcu.externaltools.gnu-tools-for-stm32.7-2018-q2-update.win32_1.4.0.202007081208/tools/bin/../lib/gcc/arm-none-eabi/7.3.1/../../../../arm-none-eabi/lib/thumb/v7-m\libc_nano.a(lib_a-exit.o) (_global_impure_ptr)
d:/tools/stm32cubeide_1.4.0/stm32cubeide/plugins/com.st.stm32cube.ide.mcu.externaltools.gnu-tools-for-stm32.7-2018-q2-update.win32_1.4.0.202007081208/tools/bin/../lib/gcc/arm-none-eabi/7.3.1/../../../../arm-none-eabi/lib/thumb/v7-m\libc_nano.a(lib_a-init.o)
                              d:/tools/stm32cubeide_1.4.0/stm32cubeide/plugins/com.st.stm32cube.ide.mcu.externaltools.gnu-tools-for-stm32.7-2018-q2-update.win32_1.4.0.202007081208/tools/bin/../lib/gcc/arm-none-eabi/7.3.1/../../../../arm-none-eabi/lib/thumb/v7-m/crt0.o (__libc_init_array)
d:/tools/stm32cubeide_1.4.0/stm32cubeide/plugins/com.st.stm32cube.ide.mcu.externaltools.gnu-tools-for-stm32.7-2018-q2-update.win32_1.4.0.202007081208/tools/bin/../lib/gcc/arm-none-eabi/7.3.1/../../../../arm-none-eabi/lib/thumb/v7-m\libc_nano.a(lib_a-memset.o)
                              d:/tools/stm32cubeide_1.4.0/stm32cubeide/plugins/com.st.stm32cube.ide.mcu.externaltools.gnu-tools-for-stm32.7-2018-q2-update.win32_1.4.0.202007081208/tools/bin/../lib/gcc/arm-none-eabi/7.3.1/../../../../arm-none-eabi/lib/thumb/v7-m/crt0.o (memset)

Allocating common symbols
Common symbol       size              file

Global_SPI_Config2  0x18              Stm32_F103C6_Drivers/stm32f103x8_SPI_Drver.o
PinCfg              0x4               HAL/lcd.o
Global_SPI_Config1  0x18              Stm32_F103C6_Drivers/stm32f103x8_SPI_Drver.o
DoorLock_indication_SWC_RP_SR_DoorState_DoorState_Buffer
                    0x1               AUTOSAR_Implementation/RTE_gen/Rte_DoorLock_indication_SWC.o
ReadDoorSensor_PP_SR_DoorState
                    0x1               AUTOSAR_Implementation/RTE_gen/Rte_DoorLock_indication_SWC.o
GP_IRQ_CallBack     0x3c              Stm32_F103C6_Drivers/stm32f103x8_EXTI_driver.o

Discarded input sections

 .text          0x0000000000000000        0x0 d:/tools/stm32cubeide_1.4.0/stm32cubeide/plugins/com.st.stm32cube.ide.mcu.externaltools.gnu-tools-for-stm32.7-2018-q2-update.win32_1.4.0.202007081208/tools/bin/../lib/gcc/arm-none-eabi/7.3.1/thumb/v7-m/crti.o
 .data          0x0000000000000000        0x0 d:/tools/stm32cubeide_1.4.0/stm32cubeide/plugins/com.st.stm32cube.ide.mcu.externaltools.gnu-tools-for-stm32.7-2018-q2-update.win32_1.4.0.202007081208/tools/bin/../lib/gcc/arm-none-eabi/7.3.1/thumb/v7-m/crti.o
 .bss           0x0000000000000000        0x0 d:/tools/stm32cubeide_1.4.0/stm32cubeide/plugins/com.st.stm32cube.ide.mcu.externaltools.gnu-tools-for-stm32.7-2018-q2-update.win32_1.4.0.202007081208/tools/bin/../lib/gcc/arm-none-eabi/7.3.1/thumb/v7-m/crti.o
 .data          0x0000000000000000        0x4 d:/tools/stm32cubeide_1.4.0/stm32cubeide/plugins/com.st.stm32cube.ide.mcu.externaltools.gnu-tools-for-stm32.7-2018-q2-update.win32_1.4.0.202007081208/tools/bin/../lib/gcc/arm-none-eabi/7.3.1/thumb/v7-m/crtbegin.o
 .text          0x0000000000000000       0x74 d:/tools/stm32cubeide_1.4.0/stm32cubeide/plugins/com.st.stm32cube.ide.mcu.externaltools.gnu-tools-for-stm32.7-2018-q2-update.win32_1.4.0.202007081208/tools/bin/../lib/gcc/arm-none-eabi/7.3.1/../../../../arm-none-eabi/lib/thumb/v7-m/crt0.o
 .data          0x0000000000000000        0x0 d:/tools/stm32cubeide_1.4.0/stm32cubeide/plugins/com.st.stm32cube.ide.mcu.externaltools.gnu-tools-for-stm32.7-2018-q2-update.win32_1.4.0.202007081208/tools/bin/../lib/gcc/arm-none-eabi/7.3.1/../../../../arm-none-eabi/lib/thumb/v7-m/crt0.o
[...]
Memory Configuration

Name             Origin             Length             Attributes
RAM              0x0000000020000000 0x0000000000002800 xrw
ROM              0x0000000008000000 0x0000000000008000 xr
*default*        0x0000000000000000 0xffffffffffffffff

Linker script and memory map

LOAD d:/tools/stm32cubeide_1.4.0/stm32cubeide/plugins/com.st.stm32cube.ide.mcu.externaltools.gnu-tools-for-stm32.7-2018-q2-update.win32_1.4.0.202007081208/tools/bin/../lib/gcc/arm-none-eabi/7.3.1/thumb/v7-m/crti.o
LOAD d:/tools/stm32cubeide_1.4.0/stm32cubeide/plugins/com.st.stm32cube.ide.mcu.externaltools.gnu-tools-for-stm32.7-2018-q2-update.win32_1.4.0.202007081208/tools/bin/../lib/gcc/arm-none-eabi/7.3.1/thumb/v7-m/crtbegin.o
LOAD d:/tools/stm32cubeide_1.4.0/stm32cubeide/plugins/com.st.stm32cube.ide.mcu.externaltools.gnu-tools-for-stm32.7-2018-q2-update.win32_1.4.0.202007081208/tools/bin/../lib/gcc/arm-none-eabi/7.3.1/../../../../arm-none-eabi/lib/thumb/v7-m/crt0.o
LOAD AUTOSAR_Implementation/DoorLock_indication_SWC.o
LOAD AUTOSAR_Implementation/EcuAbstraction.o
LOAD AUTOSAR_Implementation/MCAL_Layer/DIO.o
LOAD AUTOSAR_Implementation/RTE_gen/Rte_DoorLock_indication_SWC.o
LOAD AUTOSAR_Implementation/RTE_gen/Rte_DoorSensorAbstractionSWC.o
LOAD HAL/I2C_Slave_EEPROM.o
LOAD HAL/keypad.o
LOAD HAL/lcd.o
LOAD Src/main.o
LOAD Src/syscalls.o
LOAD Src/sysmem.o
LOAD Startup/startup_stm32f103c6tx.o
LOAD Stm32_F103C6_Drivers/GPIO/stm32f103x8_gpio_driver.o
LOAD Stm32_F103C6_Drivers/stm32f103x8_EXTI_driver.o
LOAD Stm32_F103C6_Drivers/stm32f103x8_I2C_Drver.o
LOAD Stm32_F103C6_Drivers/stm32f103x8_RCC_driver.o
LOAD Stm32_F103C6_Drivers/stm32f103x8_SPI_Drver.o
LOAD Stm32_F103C6_Drivers/stm32f103x8_USART_driver.o
START GROUP
LOAD d:/tools/stm32cubeide_1.4.0/stm32cubeide/plugins/com.st.stm32cube.ide.mcu.externaltools.gnu-tools-for-stm32.7-2018-q2-update.win32_1.4.0.202007081208/tools/bin/../lib/gcc/arm-none-eabi/7.3.1/../../../../arm-none-eabi/lib/thumb/v7-m\libc_nano.a
LOAD d:/tools/stm32cubeide_1.4.0/stm32cubeide/plugins/com.st.stm32cube.ide.mcu.externaltools.gnu-tools-for-stm32.7-2018-q2-update.win32_1.4.0.202007081208/tools/bin/../lib/gcc/arm-none-eabi/7.3.1/../../../../arm-none-eabi/lib/thumb/v7-m\libm.a
END GROUP
START GROUP
LOAD d:/tools/stm32cubeide_1.4.0/stm32cubeide/plugins/com.st.stm32cube.ide.mcu.externaltools.gnu-tools-for-stm32.7-2018-q2-update.win32_1.4.0.202007081208/tools/bin/../lib/gcc/arm-none-eabi/7.3.1/thumb/v7-m\libgcc.a
LOAD d:/tools/stm32cubeide_1.4.0/stm32cubeide/plugins/com.st.stm32cube.ide.mcu.externaltools.gnu-tools-for-stm32.7-2018-q2-update.win32_1.4.0.202007081208/tools/bin/../lib/gcc/arm-none-eabi/7.3.1/../../../../arm-none-eabi/lib/thumb/v7-m\libg_nano.a
LOAD d:/tools/stm32cubeide_1.4.0/stm32cubeide/plugins/com.st.stm32cube.ide.mcu.externaltools.gnu-tools-for-stm32.7-2018-q2-update.win32_1.4.0.202007081208/tools/bin/../lib/gcc/arm-none-eabi/7.3.1/../../../../arm-none-eabi/lib/thumb/v7-m\libc_nano.a
END GROUP
START GROUP
LOAD d:/tools/stm32cubeide_1.4.0/stm32cubeide/plugins/com.st.stm32cube.ide.mcu.externaltools.gnu-tools-for-stm32.7-2018-q2-update.win32_1.4.0.202007081208/tools/bin/../lib/gcc/arm-none-eabi/7.3.1/thumb/v7-m\libgcc.a
LOAD d:/tools/stm32cubeide_1.4.0/stm32cubeide/plugins/com.st.stm32cube.ide.mcu.externaltools.gnu-tools-for-stm32.7-2018-q2-update.win32_1.4.0.202007081208/tools/bin/../lib/gcc/arm-none-eabi/7.3.1/../../../../arm-none-eabi/lib/thumb/v7-m\libc_nano.a
LOAD d:/tools/stm32cubeide_1.4.0/stm32cubeide/plugins/com.st.stm32cube.ide.mcu.externaltools.gnu-tools-for-stm32.7-2018-q2-update.win32_1.4.0.202007081208/tools/bin/../lib/gcc/arm-none-eabi/7.3.1/../../../../arm-none-eabi/lib/thumb/v7-m\libnosys.a
END GROUP
START GROUP
LOAD d:/tools/stm32cubeide_1.4.0/stm32cubeide/plugins/com.st.stm32cube.ide.mcu.externaltools.gnu-tools-for-stm32.7-2018-q2-update.win32_1.4.0.202007081208/tools/bin/../lib/gcc/arm-none-eabi/7.3.1/thumb/v7-m\libgcc.a
LOAD d:/tools/stm32cubeide_1.4.0/stm32cubeide/plugins/com.st.stm32cube.ide.mcu.externaltools.gnu-tools-for-stm32.7-2018-q2-update.win32_1.4.0.202007081208/tools/bin/../lib/gcc/arm-none-eabi/7.3.1/../../../../arm-none-eabi/lib/thumb/v7-m\libc_nano.a
LOAD d:/tools/stm32cubeide_1.4.0/stm32cubeide/plugins/com.st.stm32cube.ide.mcu.externaltools.gnu-tools-for-stm32.7-2018-q2-update.win32_1.4.0.202007081208/tools/bin/../lib/gcc/arm-none-eabi/7.3.1/../../../../arm-none-eabi/lib/thumb/v7-m\libnosys.a
END GROUP
LOAD d:/tools/stm32cubeide_1.4.0/stm32cubeide/plugins/com.st.stm32cube.ide.mcu.externaltools.gnu-tools-for-stm32.7-2018-q2-update.win32_1.4.0.202007081208/tools/bin/../lib/gcc/arm-none-eabi/7.3.1/thumb/v7-m/crtend.o
LOAD d:/tools/stm32cubeide_1.4.0/stm32cubeide/plugins/com.st.stm32cube.ide.mcu.externaltools.gnu-tools-for-stm32.7-2018-q2-update.win32_1.4.0.202007081208/tools/bin/../lib/gcc/arm-none-eabi/7.3.1/thumb/v7-m/crtn.o
                0x0000000020002800                _estack = (ORIGIN (RAM) + LENGTH (RAM))
                0x0000000000000200                _Min_Heap_Size = 0x200
                0x0000000000000400                _Min_Stack_Size = 0x400

.isr_vector     0x0000000008000000      0x130
                0x0000000008000000                . = ALIGN (0x4)
 *(.isr_vector)
 .isr_vector    0x0000000008000000      0x130 Startup/startup_stm32f103c6tx.o
                0x0000000008000000                g_pfnVectors
                0x0000000008000130                . = ALIGN (0x4)

.text           0x0000000008000130      0xa8c
                0x0000000008000130                . = ALIGN (0x4)
 *(.text)
 .text          0x0000000008000130       0x40 d:/tools/stm32cubeide_1.4.0/stm32cubeide/plugins/com.st.stm32cube.ide.mcu.externaltools.gnu-tools-for-stm32.7-2018-q2-update.win32_1.4.0.202007081208/tools/bin/../lib/gcc/arm-none-eabi/7.3.1/thumb/v7-m/crtbegin.o
 *(.text*)
 .text.DoorLock_indication_runnable
                0x0000000008000170       0x2e AUTOSAR_Implementation/DoorLock_indication_SWC.o
                0x0000000008000170                DoorLock_indication_runnable
 .text.ReadDoorSensor_runnable
                0x000000000800019e       0x24 AUTOSAR_Implementation/EcuAbstraction.o
                0x000000000800019e                ReadDoorSensor_runnable
 .text.Led_Switch_runnable
                0x00000000080001c2       0x32 AUTOSAR_Implementation/EcuAbstraction.o
                0x00000000080001c2                Led_Switch_runnable
 .text.Dio_ReadChannel
                0x00000000080001f4       0x24 AUTOSAR_Implementation/MCAL_Layer/DIO.o
                0x00000000080001f4                Dio_ReadChannel
 .text.Dio_WriteChannel
                0x0000000008000218       0x2c AUTOSAR_Implementation/MCAL_Layer/DIO.o
                0x0000000008000218                Dio_WriteChannel
 .text.Rte_Read_DoorLock_indication_SWC_RP_SR_DoorState_DoorState
                0x0000000008000244       0x28 AUTOSAR_Implementation/RTE_gen/Rte_DoorLock_indication_SWC.o
                0x0000000008000244                Rte_Read_DoorLock_indication_SWC_RP_SR_DoorState_DoorState
 .text.Rte_Call_DoorLock_indication_SWC_RP_CS_Led_Switch_Led_Switch
                0x000000000800026c       0x44 AUTOSAR_Implementation/RTE_gen/Rte_DoorLock_indication_SWC.o
                0x000000000800026c                Rte_Call_DoorLock_indication_SWC_RP_CS_Led_Switch_Led_Switch
 .text.Rte_IWrite_DoorSensorAbstractionSWC_ReadDoorSensor_PP_SR_DoorState
                0x00000000080002b0       0x20 AUTOSAR_Implementation/RTE_gen/Rte_DoorSensorAbstractionSWC.o
                0x00000000080002b0                Rte_IWrite_DoorSensorAbstractionSWC_ReadDoorSensor_PP_SR_DoorState
 .text.wait_cycles
                0x00000000080002d0       0x2c Src/main.o
                0x00000000080002d0                wait_cycles
 .text.MCU_init
                0x00000000080002fc       0x4c Src/main.o
                0x00000000080002fc                MCU_init
 .text.StartOS  0x0000000008000348       0x3a Src/main.o
                0x0000000008000348                StartOS
 .text.main     0x0000000008000382        0xe Src/main.o
                0x0000000008000382                main
 .text.Reset_Handler
                0x0000000008000390       0x50 Startup/startup_stm32f103c6tx.o
                0x0000000008000390                Reset_Handler
 .text.Default_Handler
                0x00000000080003e0        0x2 Startup/startup_stm32f103c6tx.o
                0x00000000080003e0                TIM8_TRG_COM_IRQHandler
                0x00000000080003e0                TIM8_CC_IRQHandler
                0x00000000080003e0                DebugMon_Handler
                0x00000000080003e0                TIM1_CC_IRQHandler
                0x00000000080003e0                HardFault_Handler
                0x00000000080003e0                TIM6_IRQHandler
                0x00000000080003e0                SysTick_Handler
                0x00000000080003e0                PVD_IRQHandler
                0x00000000080003e0                SDIO_IRQHandler
                0x00000000080003e0                PendSV_Handler
                0x00000000080003e0                NMI_Handler
                0x00000000080003e0                USB_HP_CAN_TX_IRQHandler
                0x00000000080003e0                UsageFault_Handler
                0x00000000080003e0                ADC1_2_IRQHandler
                0x00000000080003e0                CAN_SCE_IRQHandler
                0x00000000080003e0                TAMPER_IRQHandler
                0x00000000080003e0                TIM8_UP_IRQHandler
                0x00000000080003e0                DMA2_Channel2_IRQHandler
                0x00000000080003e0                DMA1_Channel4_IRQHandler
                0x00000000080003e0                RTC_IRQHandler
                0x00000000080003e0                DMA1_Channel7_IRQHandler
                0x00000000080003e0                UART5_IRQHandler
                0x00000000080003e0                ADC3_IRQHandler
                0x00000000080003e0                TIM4_IRQHandler
                0x00000000080003e0                CAN_RX1_IRQHandler
                0x00000000080003e0                DMA2_Channel1_IRQHandler
                0x00000000080003e0                DMA1_Channel6_IRQHandler
                0x00000000080003e0                UART4_IRQHandler
                0x00000000080003e0                TIM3_IRQHandler
                0x00000000080003e0                RCC_IRQHandler
                0x00000000080003e0                TIM1_TRG_COM_IRQHandler
                0x00000000080003e0                DMA1_Channel1_IRQHandler
                0x00000000080003e0                Default_Handler
                0x00000000080003e0                TIM7_IRQHandler
                0x00000000080003e0                TIM5_IRQHandler
                0x00000000080003e0                USB_LP_CAN_RX0_IRQHandler
                0x00000000080003e0                MemManage_Handler
                0x00000000080003e0                SVC_Handler
                0x00000000080003e0                DMA1_Channel5_IRQHandler
                0x00000000080003e0                DMA1_Channel3_IRQHandler
                0x00000000080003e0                FSMC_IRQHandler
                0x00000000080003e0                TIM1_UP_IRQHandler
                0x00000000080003e0                WWDG_IRQHandler
                0x00000000080003e0                TIM2_IRQHandler
                0x00000000080003e0                TIM1_BRK_IRQHandler
                0x00000000080003e0                RTCAlarm_IRQHandler
                0x00000000080003e0                DMA2_Channel4_5_IRQHandler
                0x00000000080003e0                DMA1_Channel2_IRQHandler
                0x00000000080003e0                TIM8_BRK_IRQHandler
                0x00000000080003e0                FLASH_IRQHandler
                0x00000000080003e0                BusFault_Handler
                0x00000000080003e0                SPI3_IRQHandler
                0x00000000080003e0                DMA2_Channel3_IRQHandler
 .text.Get_CRLH_Position
                0x00000000080003e2       0xc6 Stm32_F103C6_Drivers/GPIO/stm32f103x8_gpio_driver.o
                0x00000000080003e2                Get_CRLH_Position
 .text.MCAL_GPIO_Init
                0x00000000080004a8      0x154 Stm32_F103C6_Drivers/GPIO/stm32f103x8_gpio_driver.o
                0x00000000080004a8                MCAL_GPIO_Init
 .text.MCAL_GPIO_ReadPin
                0x00000000080005fc       0x2e Stm32_F103C6_Drivers/GPIO/stm32f103x8_gpio_driver.o
                0x00000000080005fc                MCAL_GPIO_ReadPin
 .text.MCAL_GPIO_WritePin
                0x000000000800062a       0x2e Stm32_F103C6_Drivers/GPIO/stm32f103x8_gpio_driver.o
                0x000000000800062a                MCAL_GPIO_WritePin
 .text.EXTI0_IRQHandler
                0x0000000008000658       0x24 Stm32_F103C6_Drivers/stm32f103x8_EXTI_driver.o
                0x0000000008000658                EXTI0_IRQHandler
 .text.EXTI1_IRQHandler
                0x000000000800067c       0x24 Stm32_F103C6_Drivers/stm32f103x8_EXTI_driver.o
                0x000000000800067c                EXTI1_IRQHandler
 .text.EXTI2_IRQHandler
                0x00000000080006a0       0x24 Stm32_F103C6_Drivers/stm32f103x8_EXTI_driver.o
                0x00000000080006a0                EXTI2_IRQHandler
 .text.EXTI3_IRQHandler
                0x00000000080006c4       0x24 Stm32_F103C6_Drivers/stm32f103x8_EXTI_driver.o
                0x00000000080006c4                EXTI3_IRQHandler
 .text.EXTI4_IRQHandler
                0x00000000080006e8       0x24 Stm32_F103C6_Drivers/stm32f103x8_EXTI_driver.o
                0x00000000080006e8                EXTI4_IRQHandler
 .text.EXTI9_5_IRQHandler
                0x000000000800070c       0xa8 Stm32_F103C6_Drivers/stm32f103x8_EXTI_driver.o
                0x000000000800070c                EXTI9_5_IRQHandler
 .text.EXTI15_10_IRQHandler
                0x00000000080007b4       0xc4 Stm32_F103C6_Drivers/stm32f103x8_EXTI_driver.o
                0x00000000080007b4                EXTI15_10_IRQHandler
 .text.I2C1_ER_IRQHandler
                0x0000000008000878        0xc Stm32_F103C6_Drivers/stm32f103x8_I2C_Drver.o
                0x0000000008000878                I2C1_ER_IRQHandler
 .text.I2C1_EV_IRQHandler
                0x0000000008000884       0xec Stm32_F103C6_Drivers/stm32f103x8_I2C_Drver.o
                0x0000000008000884                I2C1_EV_IRQHandler
 .text.Slave_States
                0x0000000008000970       0xe0 Stm32_F103C6_Drivers/stm32f103x8_I2C_Drver.o
                0x0000000008000970                Slave_States
 .text.I2C2_ER_IRQHandler
                0x0000000008000a50        0xc Stm32_F103C6_Drivers/stm32f103x8_I2C_Drver.o
                0x0000000008000a50                I2C2_ER_IRQHandler
 .text.I2C2_EV_IRQHandler
                0x0000000008000a5c        0xc Stm32_F103C6_Drivers/stm32f103x8_I2C_Drver.o
                0x0000000008000a5c                I2C2_EV_IRQHandler
 .text.SPI1_IRQHandler
                0x0000000008000a68       0x5c Stm32_F103C6_Drivers/stm32f103x8_SPI_Drver.o
                0x0000000008000a68                SPI1_IRQHandler
 .text.SPI2_IRQHandler
                0x0000000008000ac4       0x5c Stm32_F103C6_Drivers/stm32f103x8_SPI_Drver.o
                0x0000000008000ac4                SPI2_IRQHandler
 .text.USART1_IRQHandler
                0x0000000008000b20       0x14 Stm32_F103C6_Drivers/stm32f103x8_USART_driver.o
                0x0000000008000b20                USART1_IRQHandler
 .text.USART2_IRQHandler
                0x0000000008000b34       0x14 Stm32_F103C6_Drivers/stm32f103x8_USART_driver.o
                0x0000000008000b34                USART2_IRQHandler
 .text.USART3_IRQHandler
                0x0000000008000b48       0x14 Stm32_F103C6_Drivers/stm32f103x8_USART_driver.o
                0x0000000008000b48                USART3_IRQHandler
 .text.__libc_init_array
                0x0000000008000b5c       0x48 d:/tools/stm32cubeide_1.4.0/stm32cubeide/plugins/com.st.stm32cube.ide.mcu.externaltools.gnu-tools-for-stm32.7-2018-q2-update.win32_1.4.0.202007081208/tools/bin/../lib/gcc/arm-none-eabi/7.3.1/../../../../arm-none-eabi/lib/thumb/v7-m\libc_nano.a(lib_a-init.o)
                0x0000000008000b5c                __libc_init_array
 *(.glue_7)
 .glue_7        0x0000000008000ba4        0x0 linker stubs
 *(.glue_7t)
 .glue_7t       0x0000000008000ba4        0x0 linker stubs
 *(.eh_frame)
 .eh_frame      0x0000000008000ba4        0x0 d:/tools/stm32cubeide_1.4.0/stm32cubeide/plugins/com.st.stm32cube.ide.mcu.externaltools.gnu-tools-for-stm32.7-2018-q2-update.win32_1.4.0.202007081208/tools/bin/../lib/gcc/arm-none-eabi/7.3.1/thumb/v7-m/crtbegin.o
 *(.init)
 .init          0x0000000008000ba4        0x4 d:/tools/stm32cubeide_1.4.0/stm32cubeide/plugins/com.st.stm32cube.ide.mcu.externaltools.gnu-tools-for-stm32.7-2018-q2-update.win32_1.4.0.202007081208/tools/bin/../lib/gcc/arm-none-eabi/7.3.1/thumb/v7-m/crti.o
                0x0000000008000ba4                _init
 .init          0x0000000008000ba8        0x8 d:/tools/stm32cubeide_1.4.0/stm32cubeide/plugins/com.st.stm32cube.ide.mcu.externaltools.gnu-tools-for-stm32.7-2018-q2-update.win32_1.4.0.202007081208/tools/bin/../lib/gcc/arm-none-eabi/7.3.1/thumb/v7-m/crtn.o
 *(.fini)
 .fini          0x0000000008000bb0        0x4 d:/tools/stm32cubeide_1.4.0/stm32cubeide/plugins/com.st.stm32cube.ide.mcu.externaltools.gnu-tools-for-stm32.7-2018-q2-update.win32_1.4.0.202007081208/tools/bin/../lib/gcc/arm-none-eabi/7.3.1/thumb/v7-m/crti.o
                0x0000000008000bb0                _fini
 .fini          0x0000000008000bb4        0x8 d:/tools/stm32cubeide_1.4.0/stm32cubeide/plugins/com.st.stm32cube.ide.mcu.externaltools.gnu-tools-for-stm32.7-2018-q2-update.win32_1.4.0.202007081208/tools/bin/../lib/gcc/arm-none-eabi/7.3.1/thumb/v7-m/crtn.o
                0x0000000008000bbc                . = ALIGN (0x4)
                0x0000000008000bbc                _etext = .

.vfp11_veneer   0x0000000008000bbc        0x0
 .vfp11_veneer  0x0000000008000bbc        0x0 linker stubs

.v4_bx          0x0000000008000bbc        0x0
 .v4_bx         0x0000000008000bbc        0x0 linker stubs

.iplt           0x0000000008000bbc        0x0
 .iplt          0x0000000008000bbc        0x0 d:/tools/stm32cubeide_1.4.0/stm32cubeide/plugins/com.st.stm32cube.ide.mcu.externaltools.gnu-tools-for-stm32.7-2018-q2-update.win32_1.4.0.202007081208/tools/bin/../lib/gcc/arm-none-eabi/7.3.1/thumb/v7-m/crtbegin.o

.rodata         0x0000000008000bbc        0x4
                0x0000000008000bbc                . = ALIGN (0x4)
 *(.rodata)
 *(.rodata*)
 .rodata.Rte_Instance_DoorSensorAbstractionSWC
                0x0000000008000bbc        0x4 AUTOSAR_Implementation/RTE_gen/Rte_DoorSensorAbstractionSWC.o
                0x0000000008000bbc                Rte_Instance_DoorSensorAbstractionSWC
                0x0000000008000bc0                . = ALIGN (0x4)

.rel.dyn        0x0000000008000bc0        0x0
 .rel.iplt      0x0000000008000bc0        0x0 d:/tools/stm32cubeide_1.4.0/stm32cubeide/plugins/com.st.stm32cube.ide.mcu.externaltools.gnu-tools-for-stm32.7-2018-q2-update.win32_1.4.0.202007081208/tools/bin/../lib/gcc/arm-none-eabi/7.3.1/thumb/v7-m/crtbegin.o

.ARM.extab      0x0000000008000bc0        0x0
                0x0000000008000bc0                . = ALIGN (0x4)
 *(.ARM.extab* .gnu.linkonce.armextab.*)
                0x0000000008000bc0                . = ALIGN (0x4)

.ARM            0x0000000008000bc0        0x0
                0x0000000008000bc0                . = ALIGN (0x4)
                0x0000000008000bc0                __exidx_start = .
 *(.ARM.exidx*)
                0x0000000008000bc0                __exidx_end = .
                0x0000000008000bc0                . = ALIGN (0x4)

.preinit_array  0x0000000008000bc0        0x0
                0x0000000008000bc0                . = ALIGN (0x4)
                0x0000000008000bc0                PROVIDE (__preinit_array_start = .)
 *(.preinit_array*)
                0x0000000008000bc0                PROVIDE (__preinit_array_end = .)
                0x0000000008000bc0                . = ALIGN (0x4)

.init_array     0x0000000008000bc0        0x4
                0x0000000008000bc0                . = ALIGN (0x4)
                0x0000000008000bc0                PROVIDE (__init_array_start = .)
 *(SORT_BY_NAME(.init_array.*))
 *(.init_array*)
 .init_array    0x0000000008000bc0        0x4 d:/tools/stm32cubeide_1.4.0/stm32cubeide/plugins/com.st.stm32cube.ide.mcu.externaltools.gnu-tools-for-stm32.7-2018-q2-update.win32_1.4.0.202007081208/tools/bin/../lib/gcc/arm-none-eabi/7.3.1/thumb/v7-m/crtbegin.o
                0x0000000008000bc4                PROVIDE (__init_array_end = .)
                0x0000000008000bc4                . = ALIGN (0x4)

.fini_array     0x0000000008000bc4        0x4
                0x0000000008000bc4                . = ALIGN (0x4)
                [!provide]                        PROVIDE (__fini_array_start = .)
 *(SORT_BY_NAME(.fini_array.*))
 *(.fini_array*)
 .fini_array    0x0000000008000bc4        0x4 d:/tools/stm32cubeide_1.4.0/stm32cubeide/plugins/com.st.stm32cube.ide.mcu.externaltools.gnu-tools-for-stm32.7-2018-q2-update.win32_1.4.0.202007081208/tools/bin/../lib/gcc/arm-none-eabi/7.3.1/thumb/v7-m/crtbegin.o
                [!provide]                        PROVIDE (__fini_array_end = .)
                0x0000000008000bc8                . = ALIGN (0x4)
                0x0000000008000bc8                _sidata = LOADADDR (.data)

.data           0x0000000020000000        0x0 load address 0x0000000008000bc8
                0x0000000020000000                . = ALIGN (0x4)
                0x0000000020000000                _sdata = .
 *(.data)
 *(.data*)
                0x0000000020000000                . = ALIGN (0x4)
                0x0000000020000000                _edata = .

.igot.plt       0x0000000020000000        0x0 load address 0x0000000008000bc8
 .igot.plt      0x0000000020000000        0x0 d:/tools/stm32cubeide_1.4.0/stm32cubeide/plugins/com.st.stm32cube.ide.mcu.externaltools.gnu-tools-for-stm32.7-2018-q2-update.win32_1.4.0.202007081208/tools/bin/../lib/gcc/arm-none-eabi/7.3.1/thumb/v7-m/crtbegin.o
                0x0000000020000000                . = ALIGN (0x4)

.bss            0x0000000020000000       0xb8 load address 0x0000000008000bc8
                0x0000000020000000                _sbss = .
                0x0000000020000000                __bss_start__ = _sbss
 *(.bss)
 .bss           0x0000000020000000       0x1c d:/tools/stm32cubeide_1.4.0/stm32cubeide/plugins/com.st.stm32cube.ide.mcu.externaltools.gnu-tools-for-stm32.7-2018-q2-update.win32_1.4.0.202007081208/tools/bin/../lib/gcc/arm-none-eabi/7.3.1/thumb/v7-m/crtbegin.o
 *(.bss*)
 .bss.DoorLock_indication_SWC_RP_SR_DoorState_DoorState_Buffer_retcode
                0x000000002000001c        0x1 AUTOSAR_Implementation/RTE_gen/Rte_DoorLock_indication_SWC.o
                0x000000002000001c                DoorLock_indication_SWC_RP_SR_DoorState_DoorState_Buffer_retcode
 .bss.DoorLock_indication_SWC_RP_CS_Led_Switch_Led_Switch_Buffer_retcode
                0x000000002000001d        0x1 AUTOSAR_Implementation/RTE_gen/Rte_DoorLock_indication_SWC.o
                0x000000002000001d                DoorLock_indication_SWC_RP_CS_Led_Switch_Led_Switch_Buffer_retcode
 *fill*         0x000000002000001e        0x2 
 .bss.Rte_Call_DoorLock_indication_SWC_RP_CS_Led_Switch_Led_Switch_Delegate
                0x0000000020000020        0x4 AUTOSAR_Implementation/RTE_gen/Rte_DoorLock_indication_SWC.o
                0x0000000020000020                Rte_Call_DoorLock_indication_SWC_RP_CS_Led_Switch_Led_Switch_Delegate
 .bss.Global_I2C_Config
                0x0000000020000024       0x48 Stm32_F103C6_Drivers/stm32f103x8_I2C_Drver.o
                0x0000000020000024                Global_I2C_Config
 .bss.Global_SPI_Config
                0x000000002000006c        0x8 Stm32_F103C6_Drivers/stm32f103x8_SPI_Drver.o
                0x000000002000006c                Global_SPI_Config
 .bss.Global_UART_Config
                0x0000000020000074        0x4 Stm32_F103C6_Drivers/stm32f103x8_USART_driver.o
                0x0000000020000074                Global_UART_Config
 *(COMMON)
 COMMON         0x0000000020000078        0x2 AUTOSAR_Implementation/RTE_gen/Rte_DoorLock_indication_SWC.o
                0x0000000020000078                DoorLock_indication_SWC_RP_SR_DoorState_DoorState_Buffer
                0x0000000020000079                ReadDoorSensor_PP_SR_DoorState
 *fill*         0x000000002000007a        0x2 
 COMMON         0x000000002000007c       0x3c Stm32_F103C6_Drivers/stm32f103x8_EXTI_driver.o
                0x000000002000007c                GP_IRQ_CallBack
                0x00000000200000b8                . = ALIGN (0x4)
                0x00000000200000b8                _ebss = .
                0x00000000200000b8                __bss_end__ = _ebss

._user_heap_stack
                0x00000000200000b8      0x600 load address 0x0000000008000bc8
                0x00000000200000b8                . = ALIGN (0x8)
                [!provide]                        PROVIDE (end = .)
                0x00000000200000b8                PROVIDE (_end = .)
                0x00000000200002b8                . = (. + _Min_Heap_Size)
 *fill*         0x00000000200000b8      0x200 
                0x00000000200006b8                . = (. + _Min_Stack_Size)
 *fill*         0x00000000200002b8      0x400 
                0x00000000200006b8                . = ALIGN (0x8)

/DISCARD/
 libc.a(*)
 libm.a(*)
 libgcc.a(*)

.ARM.attributes
                0x0000000000000000       0x29
 *(.ARM.attributes)
 .ARM.attributes
                0x0000000000000000       0x1d d:/tools/stm32cubeide_1.4.0/stm32cubeide/plugins/com.st.stm32cube.ide.mcu.externaltools.gnu-tools-for-stm32.7-2018-q2-update.win32_1.4.0.202007081208/tools/bin/../lib/gcc/arm-none-eabi/7.3.1/thumb/v7-m/crti.o
 .ARM.attributes
                0x000000000000001d       0x2d d:/tools/stm32cubeide_1.4.0/stm32cubeide/plugins/com.st.stm32cube.ide.mcu.externaltools.gnu-tools-for-stm32.7-2018-q2-update.win32_1.4.0.202007081208/tools/bin/../lib/gcc/arm-none-eabi/7.3.1/thumb/v7-m/crtbegin.o
 .ARM.attributes
                0x000000000000004a       0x33 AUTOSAR_Implementation/DoorLock_indication_SWC.o
 .ARM.attributes
                0x000000000000007d       0x33 AUTOSAR_Implementation/EcuAbstraction.o
 .ARM.attributes
                0x00000000000000b0       0x33 AUTOSAR_Implementation/MCAL_Layer/DIO.o
 .ARM.attributes
                0x00000000000000e3       0x33 AUTOSAR_Implementation/RTE_gen/Rte_DoorLock_indication_SWC.o
 .ARM.attributes
                0x0000000000000116       0x33 AUTOSAR_Implementation/RTE_gen/Rte_DoorSensorAbstractionSWC.o
 .ARM.attributes
                0x0000000000000149       0x33 Src/main.o
 .ARM.attributes
                0x000000000000017c       0x21 Startup/startup_stm32f103c6tx.o
 .ARM.attributes
                0x000000000000019d       0x33 Stm32_F103C6_Drivers/GPIO/stm32f103x8_gpio_driver.o
 .ARM.attributes
                0x00000000000001d0       0x33 Stm32_F103C6_Drivers/stm32f103x8_EXTI_driver.o
 .ARM.attributes
                0x0000000000000203       0x33 Stm32_F103C6_Drivers/stm32f103x8_I2C_Drver.o
 .ARM.attributes
                0x0000000000000236       0x33 Stm32_F103C6_Drivers/stm32f103x8_SPI_Drver.o
 .ARM.attributes
                0x0000000000000269       0x33 Stm32_F103C6_Drivers/stm32f103x8_USART_driver.o
 .ARM.attributes
                0x000000000000029c       0x2d d:/tools/stm32cubeide_1.4.0/stm32cubeide/plugins/com.st.stm32cube.ide.mcu.externaltools.gnu-tools-for-stm32.7-2018-q2-update.win32_1.4.0.202007081208/tools/bin/../lib/gcc/arm-none-eabi/7.3.1/../../../../arm-none-eabi/lib/thumb/v7-m\libc_nano.a(lib_a-init.o)
 .ARM.attributes
                0x00000000000002c9       0x1d d:/tools/stm32cubeide_1.4.0/stm32cubeide/plugins/com.st.stm32cube.ide.mcu.externaltools.gnu-tools-for-stm32.7-2018-q2-update.win32_1.4.0.202007081208/tools/bin/../lib/gcc/arm-none-eabi/7.3.1/thumb/v7-m/crtn.o
OUTPUT(Drivers.elf elf32-littlearm)

.debug_info     0x0000000000000000     0x839b
 .debug_info    0x0000000000000000      0x119 AUTOSAR_Implementation/DoorLock_indication_SWC.o
 .debug_info    0x0000000000000119      0xa92 AUTOSAR_Implementation/EcuAbstraction.o
 .debug_info    0x0000000000000bab      0xa6d AUTOSAR_Implementation/MCAL_Layer/DIO.o
 .debug_info    0x0000000000001618      0xb0c AUTOSAR_Implementation/RTE_gen/Rte_DoorLock_indication_SWC.o
 .debug_info    0x0000000000002124      0xa83 AUTOSAR_Implementation/RTE_gen/Rte_DoorSensorAbstractionSWC.o
 .debug_info    0x0000000000002ba7      0xc13 Src/main.o
 .debug_info    0x00000000000037ba       0x22 Startup/startup_stm32f103c6tx.o
 .debug_info    0x00000000000037dc      0xd79 Stm32_F103C6_Drivers/GPIO/stm32f103x8_gpio_driver.o
 .debug_info    0x0000000000004555      0xdbf Stm32_F103C6_Drivers/stm32f103x8_EXTI_driver.o
 .debug_info    0x0000000000005314     0x1338 Stm32_F103C6_Drivers/stm32f103x8_I2C_Drver.o
 .debug_info    0x000000000000664c      0xf2c Stm32_F103C6_Drivers/stm32f103x8_SPI_Drver.o
 .debug_info    0x0000000000007578      0xe23 Stm32_F103C6_Drivers/stm32f103x8_USART_driver.o

.debug_abbrev   0x0000000000000000     0x14e6
 .debug_abbrev  0x0000000000000000       0xa2 AUTOSAR_Implementation/DoorLock_indication_SWC.o
 .debug_abbrev  0x00000000000000a2      0x1a1 AUTOSAR_Implementation/EcuAbstraction.o
 .debug_abbrev  0x0000000000000243      0x1a8 AUTOSAR_Implementation/MCAL_Layer/DIO.o
 .debug_abbrev  0x00000000000003eb      0x1d9 AUTOSAR_Implementation/RTE_gen/Rte_DoorLock_indication_SWC.o
 .debug_abbrev  0x00000000000005c4      0x1ae AUTOSAR_Implementation/RTE_gen/Rte_DoorSensorAbstractionSWC.o
 .debug_abbrev  0x0000000000000772      0x208 Src/main.o
 .debug_abbrev  0x000000000000097a       0x12 Startup/startup_stm32f103c6tx.o
 .debug_abbrev  0x000000000000098c      0x232 Stm32_F103C6_Drivers/GPIO/stm32f103x8_gpio_driver.o
 .debug_abbrev  0x0000000000000bbe      0x210 Stm32_F103C6_Drivers/stm32f103x8_EXTI_driver.o
 .debug_abbrev  0x0000000000000dce      0x2b3 Stm32_F103C6_Drivers/stm32f103x8_I2C_Drver.o
 .debug_abbrev  0x0000000000001081      0x226 Stm32_F103C6_Drivers/stm32f103x8_SPI_Drver.o
 .debug_abbrev  0x00000000000012a7      0x23f Stm32_F103C6_Drivers/stm32f103x8_USART_driver.o

.debug_loc      0x0000000000000000     0x150c
 .debug_loc     0x0000000000000000       0x50 AUTOSAR_Implementation/DoorLock_indication_SWC.o
 .debug_loc     0x0000000000000050       0xa0 AUTOSAR_Implementation/EcuAbstraction.o
 .debug_loc     0x00000000000000f0       0xa0 AUTOSAR_Implementation/MCAL_Layer/DIO.o
 .debug_loc     0x0000000000000190       0xac AUTOSAR_Implementation/RTE_gen/Rte_DoorLock_indication_SWC.o
 .debug_loc     0x000000000000023c       0xa0 AUTOSAR_Implementation/RTE_gen/Rte_DoorSensorAbstractionSWC.o
 .debug_loc     0x00000000000002dc      0x110 Src/main.o
 .debug_loc     0x00000000000003ec      0x330 Stm32_F103C6_Drivers/GPIO/stm32f103x8_gpio_driver.o
 .debug_loc     0x000000000000071c      0x320 Stm32_F103C6_Drivers/stm32f103x8_EXTI_driver.o
 .debug_loc     0x0000000000000a3c      0x580 Stm32_F103C6_Drivers/stm32f103x8_I2C_Drver.o
 .debug_loc     0x0000000000000fbc      0x2bc Stm32_F103C6_Drivers/stm32f103x8_SPI_Drver.o
 .debug_loc     0x0000000000001278      0x294 Stm32_F103C6_Drivers/stm32f103x8_USART_driver.o

.debug_aranges  0x0000000000000000      0x358
 .debug_aranges
                0x0000000000000000       0x20 AUTOSAR_Implementation/DoorLock_indication_SWC.o
 .debug_aranges
                0x0000000000000020       0x28 AUTOSAR_Implementation/EcuAbstraction.o
 .debug_aranges
                0x0000000000000048       0x28 AUTOSAR_Implementation/MCAL_Layer/DIO.o
 .debug_aranges
                0x0000000000000070       0x28 AUTOSAR_Implementation/RTE_gen/Rte_DoorLock_indication_SWC.o
 .debug_aranges
                0x0000000000000098       0x28 AUTOSAR_Implementation/RTE_gen/Rte_DoorSensorAbstractionSWC.o
 .debug_aranges
                0x00000000000000c0       0x38 Src/main.o
 .debug_aranges
                0x00000000000000f8       0x28 Startup/startup_stm32f103c6tx.o
 .debug_aranges
                0x0000000000000120       0x60 Stm32_F103C6_Drivers/GPIO/stm32f103x8_gpio_driver.o
 .debug_aranges
                0x0000000000000180       0x80 Stm32_F103C6_Drivers/stm32f103x8_EXTI_driver.o
 .debug_aranges
                0x0000000000000200       0xa0 Stm32_F103C6_Drivers/stm32f103x8_I2C_Drver.o
 .debug_aranges
                0x00000000000002a0       0x58 Stm32_F103C6_Drivers/stm32f103x8_SPI_Drver.o
 .debug_aranges
                0x00000000000002f8       0x60 Stm32_F103C6_Drivers/stm32f103x8_USART_driver.o

.debug_ranges   0x0000000000000000      0x2a0
 .debug_ranges  0x0000000000000000       0x10 AUTOSAR_Implementation/DoorLock_indication_SWC.o
 .debug_ranges  0x0000000000000010       0x18 AUTOSAR_Implementation/EcuAbstraction.o
 .debug_ranges  0x0000000000000028       0x18 AUTOSAR_Implementation/MCAL_Layer/DIO.o
 .debug_ranges  0x0000000000000040       0x18 AUTOSAR_Implementation/RTE_gen/Rte_DoorLock_indication_SWC.o
 .debug_ranges  0x0000000000000058       0x18 AUTOSAR_Implementation/RTE_gen/Rte_DoorSensorAbstractionSWC.o
 .debug_ranges  0x0000000000000070       0x28 Src/main.o
 .debug_ranges  0x0000000000000098       0x20 Startup/startup_stm32f103c6tx.o
 .debug_ranges  0x00000000000000b8       0x50 Stm32_F103C6_Drivers/GPIO/stm32f103x8_gpio_driver.o
 .debug_ranges  0x0000000000000108       0x70 Stm32_F103C6_Drivers/stm32f103x8_EXTI_driver.o
 .debug_ranges  0x0000000000000178       0x90 Stm32_F103C6_Drivers/stm32f103x8_I2C_Drver.o
 .debug_ranges  0x0000000000000208       0x48 Stm32_F103C6_Drivers/stm32f103x8_SPI_Drver.o
 .debug_ranges  0x0000000000000250       0x50 Stm32_F103C6_Drivers/stm32f103x8_USART_driver.o

.debug_macro    0x0000000000000000     0x440d
 .debug_macro   0x0000000000000000       0xd7 AUTOSAR_Implementation/DoorLock_indication_SWC.o
 .debug_macro   0x00000000000000d7      0xa60 AUTOSAR_Implementation/DoorLock_indication_SWC.o
 .debug_macro   0x0000000000000b37       0x22 AUTOSAR_Implementation/DoorLock_indication_SWC.o
 .debug_macro   0x0000000000000b59       0x22 AUTOSAR_Implementation/DoorLock_indication_SWC.o
 .debug_macro   0x0000000000000b7b       0x8e AUTOSAR_Implementation/DoorLock_indication_SWC.o
 .debug_macro   0x0000000000000c09       0x51 AUTOSAR_Implementation/DoorLock_indication_SWC.o
 .debug_macro   0x0000000000000c5a       0xef AUTOSAR_Implementation/DoorLock_indication_SWC.o
 .debug_macro   0x0000000000000d49       0x6a AUTOSAR_Implementation/DoorLock_indication_SWC.o
 .debug_macro   0x0000000000000db3      0x1df AUTOSAR_Implementation/DoorLock_indication_SWC.o
 .debug_macro   0x0000000000000f92       0x22 AUTOSAR_Implementation/DoorLock_indication_SWC.o
 .debug_macro   0x0000000000000fb4       0x82 AUTOSAR_Implementation/DoorLock_indication_SWC.o
 .debug_macro   0x0000000000001036       0x40 AUTOSAR_Implementation/DoorLock_indication_SWC.o
 .debug_macro   0x0000000000001076       0x10 AUTOSAR_Implementation/DoorLock_indication_SWC.o
 .debug_macro   0x0000000000001086       0x1c AUTOSAR_Implementation/DoorLock_indication_SWC.o
 .debug_macro   0x00000000000010a2      0x1c8 AUTOSAR_Implementation/EcuAbstraction.o
 .debug_macro   0x000000000000126a       0x10 AUTOSAR_Implementation/EcuAbstraction.o
 .debug_macro   0x000000000000127a       0x1c AUTOSAR_Implementation/EcuAbstraction.o
 .debug_macro   0x0000000000001296       0x18 AUTOSAR_Implementation/EcuAbstraction.o
 .debug_macro   0x00000000000012ae       0x46 AUTOSAR_Implementation/EcuAbstraction.o
 .debug_macro   0x00000000000012f4       0x3c AUTOSAR_Implementation/EcuAbstraction.o
 .debug_macro   0x0000000000001330       0x34 AUTOSAR_Implementation/EcuAbstraction.o
 .debug_macro   0x0000000000001364       0x16 AUTOSAR_Implementation/EcuAbstraction.o
 .debug_macro   0x000000000000137a      0x10e AUTOSAR_Implementation/EcuAbstraction.o
 .debug_macro   0x0000000000001488       0x8d AUTOSAR_Implementation/EcuAbstraction.o
 .debug_macro   0x0000000000001515       0x52 AUTOSAR_Implementation/EcuAbstraction.o
 .debug_macro   0x0000000000001567       0x1f AUTOSAR_Implementation/EcuAbstraction.o
 .debug_macro   0x0000000000001586       0x43 AUTOSAR_Implementation/EcuAbstraction.o
 .debug_macro   0x00000000000015c9       0x20 AUTOSAR_Implementation/EcuAbstraction.o
 .debug_macro   0x00000000000015e9      0x1a3 AUTOSAR_Implementation/EcuAbstraction.o
 .debug_macro   0x000000000000178c      0x330 AUTOSAR_Implementation/EcuAbstraction.o
 .debug_macro   0x0000000000001abc       0x16 AUTOSAR_Implementation/EcuAbstraction.o
 .debug_macro   0x0000000000001ad2       0x29 AUTOSAR_Implementation/EcuAbstraction.o
 .debug_macro   0x0000000000001afb      0x6b8 AUTOSAR_Implementation/EcuAbstraction.o
 .debug_macro   0x00000000000021b3       0xd0 AUTOSAR_Implementation/EcuAbstraction.o
 .debug_macro   0x0000000000002283       0x16 AUTOSAR_Implementation/EcuAbstraction.o
 .debug_macro   0x0000000000002299      0x14e AUTOSAR_Implementation/MCAL_Layer/DIO.o
 .debug_macro   0x00000000000023e7       0x40 AUTOSAR_Implementation/MCAL_Layer/DIO.o
 .debug_macro   0x0000000000002427       0x94 AUTOSAR_Implementation/MCAL_Layer/DIO.o
 .debug_macro   0x00000000000024bb       0x57 AUTOSAR_Implementation/MCAL_Layer/DIO.o
 .debug_macro   0x0000000000002512      0x18b AUTOSAR_Implementation/RTE_gen/Rte_DoorLock_indication_SWC.o
 .debug_macro   0x000000000000269d      0x174 AUTOSAR_Implementation/RTE_gen/Rte_DoorLock_indication_SWC.o
 .debug_macro   0x0000000000002811       0x10 AUTOSAR_Implementation/RTE_gen/Rte_DoorLock_indication_SWC.o
 .debug_macro   0x0000000000002821       0x35 AUTOSAR_Implementation/RTE_gen/Rte_DoorLock_indication_SWC.o
 .debug_macro   0x0000000000002856       0x20 AUTOSAR_Implementation/RTE_gen/Rte_DoorLock_indication_SWC.o
 .debug_macro   0x0000000000002876       0x7c AUTOSAR_Implementation/RTE_gen/Rte_DoorLock_indication_SWC.o
 .debug_macro   0x00000000000028f2      0x18b AUTOSAR_Implementation/RTE_gen/Rte_DoorSensorAbstractionSWC.o
 .debug_macro   0x0000000000002a7d      0x26c Src/main.o
 .debug_macro   0x0000000000002ce9       0x1c Src/main.o
 .debug_macro   0x0000000000002d05       0x10 Src/main.o
 .debug_macro   0x0000000000002d15       0x10 Src/main.o
 .debug_macro   0x0000000000002d25       0x1c Src/main.o
 .debug_macro   0x0000000000002d41       0x52 Src/main.o
 .debug_macro   0x0000000000002d93       0x40 Src/main.o
 .debug_macro   0x0000000000002dd3       0x10 Src/main.o
 .debug_macro   0x0000000000002de3       0x40 Src/main.o
 .debug_macro   0x0000000000002e23       0xd7 Src/main.o
 .debug_macro   0x0000000000002efa       0x1c Src/main.o
 .debug_macro   0x0000000000002f16       0x3d Src/main.o
 .debug_macro   0x0000000000002f53       0x16 Src/main.o
 .debug_macro   0x0000000000002f69      0x145 Src/main.o
 .debug_macro   0x00000000000030ae      0x6be Src/main.o
 .debug_macro   0x000000000000376c       0xa0 Src/main.o
 .debug_macro   0x000000000000380c       0x40 Src/main.o
 .debug_macro   0x000000000000384c      0x228 Src/main.o
 .debug_macro   0x0000000000003a74       0xe8 Src/main.o
 .debug_macro   0x0000000000003b5c       0xcb Src/main.o
 .debug_macro   0x0000000000003c27       0x67 Src/main.o
 .debug_macro   0x0000000000003c8e       0x10 Src/main.o
 .debug_macro   0x0000000000003c9e      0x13f Stm32_F103C6_Drivers/GPIO/stm32f103x8_gpio_driver.o
 .debug_macro   0x0000000000003ddd      0x152 Stm32_F103C6_Drivers/stm32f103x8_EXTI_driver.o
 .debug_macro   0x0000000000003f2f      0x15d Stm32_F103C6_Drivers/stm32f103x8_I2C_Drver.o
 .debug_macro   0x000000000000408c      0x16b Stm32_F103C6_Drivers/stm32f103x8_SPI_Drver.o
 .debug_macro   0x00000000000041f7       0xc5 Stm32_F103C6_Drivers/stm32f103x8_SPI_Drver.o
 .debug_macro   0x00000000000042bc      0x151 Stm32_F103C6_Drivers/stm32f103x8_USART_driver.o

.debug_line     0x0000000000000000     0x49c2
 .debug_line    0x0000000000000000      0x4ac AUTOSAR_Implementation/DoorLock_indication_SWC.o
 .debug_line    0x00000000000004ac      0x6d1 AUTOSAR_Implementation/EcuAbstraction.o
 .debug_line    0x0000000000000b7d      0x5ad AUTOSAR_Implementation/MCAL_Layer/DIO.o
 .debug_line    0x000000000000112a      0x60a AUTOSAR_Implementation/RTE_gen/Rte_DoorLock_indication_SWC.o
 .debug_line    0x0000000000001734      0x608 AUTOSAR_Implementation/RTE_gen/Rte_DoorSensorAbstractionSWC.o
 .debug_line    0x0000000000001d3c      0x78c Src/main.o
 .debug_line    0x00000000000024c8       0x84 Startup/startup_stm32f103c6tx.o
 .debug_line    0x000000000000254c      0x6c7 Stm32_F103C6_Drivers/GPIO/stm32f103x8_gpio_driver.o
 .debug_line    0x0000000000002c13      0x764 Stm32_F103C6_Drivers/stm32f103x8_EXTI_driver.o
 .debug_line    0x0000000000003377      0x852 Stm32_F103C6_Drivers/stm32f103x8_I2C_Drver.o
 .debug_line    0x0000000000003bc9      0x714 Stm32_F103C6_Drivers/stm32f103x8_SPI_Drver.o
 .debug_line    0x00000000000042dd      0x6e5 Stm32_F103C6_Drivers/stm32f103x8_USART_driver.o

.debug_str      0x0000000000000000     0xe5fc
 .debug_str     0x0000000000000000     0x42c9 AUTOSAR_Implementation/DoorLock_indication_SWC.o
                                       0x4455 (size before relaxing)
 .debug_str     0x00000000000042c9     0x5bfe AUTOSAR_Implementation/EcuAbstraction.o
                                       0x9fb4 (size before relaxing)
 .debug_str     0x0000000000009ec7       0x74 AUTOSAR_Implementation/MCAL_Layer/DIO.o
                                       0x974d (size before relaxing)
 .debug_str     0x0000000000009f3b      0x29e AUTOSAR_Implementation/RTE_gen/Rte_DoorLock_indication_SWC.o
                                       0x792b (size before relaxing)
 .debug_str     0x000000000000a1d9       0xf0 AUTOSAR_Implementation/RTE_gen/Rte_DoorSensorAbstractionSWC.o
                                       0x77e6 (size before relaxing)
 .debug_str     0x000000000000a2c9     0x3702 Src/main.o
                                       0xce0f (size before relaxing)
 .debug_str     0x000000000000d9cb       0x31 Startup/startup_stm32f103c6tx.o
                                         0x87 (size before relaxing)
 .debug_str     0x000000000000d9fc      0x120 Stm32_F103C6_Drivers/GPIO/stm32f103x8_gpio_driver.o
                                       0x9885 (size before relaxing)
 .debug_str     0x000000000000db1c      0x270 Stm32_F103C6_Drivers/stm32f103x8_EXTI_driver.o
                                       0xacd7 (size before relaxing)
 .debug_str     0x000000000000dd8c      0x476 Stm32_F103C6_Drivers/stm32f103x8_I2C_Drver.o
                                       0x9e95 (size before relaxing)
 .debug_str     0x000000000000e202      0x28f Stm32_F103C6_Drivers/stm32f103x8_SPI_Drver.o
                                       0x9fa5 (size before relaxing)
 .debug_str     0x000000000000e491      0x16b Stm32_F103C6_Drivers/stm32f103x8_USART_driver.o
                                       0x9fa3 (size before relaxing)

.comment        0x0000000000000000       0x7b
 .comment       0x0000000000000000       0x7b AUTOSAR_Implementation/DoorLock_indication_SWC.o
                                         0x7c (size before relaxing)
 .comment       0x000000000000007b       0x7c AUTOSAR_Implementation/EcuAbstraction.o
 .comment       0x000000000000007b       0x7c AUTOSAR_Implementation/MCAL_Layer/DIO.o
 .comment       0x000000000000007b       0x7c AUTOSAR_Implementation/RTE_gen/Rte_DoorLock_indication_SWC.o
 .comment       0x000000000000007b       0x7c AUTOSAR_Implementation/RTE_gen/Rte_DoorSensorAbstractionSWC.o
 .comment       0x000000000000007b       0x7c Src/main.o
 .comment       0x000000000000007b       0x7c Stm32_F103C6_Drivers/GPIO/stm32f103x8_gpio_driver.o
 .comment       0x000000000000007b       0x7c Stm32_F103C6_Drivers/stm32f103x8_EXTI_driver.o
 .comment       0x000000000000007b       0x7c Stm32_F103C6_Drivers/stm32f103x8_I2C_Drver.o
 .comment       0x000000000000007b       0x7c Stm32_F103C6_Drivers/stm32f103x8_SPI_Drver.o
 .comment       0x000000000000007b       0x7c Stm32_F103C6_Drivers/stm32f103x8_USART_driver.o

.debug_frame    0x0000000000000000      0xaa0
 .debug_frame   0x0000000000000000       0x34 AUTOSAR_Implementation/DoorLock_indication_SWC.o
 .debug_frame   0x0000000000000034       0x58 AUTOSAR_Implementation/EcuAbstraction.o
 .debug_frame   0x000000000000008c       0x58 AUTOSAR_Implementation/MCAL_Layer/DIO.o
 .debug_frame   0x00000000000000e4       0x5c AUTOSAR_Implementation/RTE_gen/Rte_DoorLock_indication_SWC.o
 .debug_frame   0x0000000000000140       0x58 AUTOSAR_Implementation/RTE_gen/Rte_DoorSensorAbstractionSWC.o
 .debug_frame   0x0000000000000198       0x98 Src/main.o
 .debug_frame   0x0000000000000230      0x178 Stm32_F103C6_Drivers/GPIO/stm32f103x8_gpio_driver.o
 .debug_frame   0x00000000000003a8      0x1b0 Stm32_F103C6_Drivers/stm32f103x8_EXTI_driver.o
 .debug_frame   0x0000000000000558      0x288 Stm32_F103C6_Drivers/stm32f103x8_I2C_Drver.o
 .debug_frame   0x00000000000007e0      0x148 Stm32_F103C6_Drivers/stm32f103x8_SPI_Drver.o
 .debug_frame   0x0000000000000928      0x14c Stm32_F103C6_Drivers/stm32f103x8_USART_driver.o
 .debug_frame   0x0000000000000a74       0x2c d:/tools/stm32cubeide_1.4.0/stm32cubeide/plugins/com.st.stm32cube.ide.mcu.externaltools.gnu-tools-for-stm32.7-2018-q2-update.win32_1.4.0.202007081208/tools/bin/../lib/gcc/arm-none-eabi/7.3.1/../../../../arm-none-eabi/lib/thumb/v7-m\libc_nano.a(lib_a-init.o)
